// Jest Snapshot v1, https://jestjs.io/docs/snapshot-testing

exports[`<Main /> should render the heading 1`] = `
.c0 {
  background-color: #06092b;
  color: #fff;
  width: 100%;
  height: 100%;
  text-align: center;
  display: flex;
  flex-direction: column;
  align-items: center;
  justify-content: center;
}

<main
  class="c0"
>
  <h1>
    Boilerplate
  </h1>
</main>
`;
